{
  "version": "1.5.0",
  "plugins_used": [
    {
      "name": "Base64HighEntropyString"
    },
    {
      "name": "HexHighEntropyString"
    },
    {
      "name": "PrivateKeyDetector"
    },
    {
      "name": "JwtTokenDetector"
    },
    {
      "name": "KeywordDetector"
    }
  ],
  "filters_used": [
    {
      "path": "detect_secrets.filters.allowlist.is_line_allowlisted"
    },
    {
      "path": "detect_secrets.filters.common.is_baseline_file"
    },
    {
      "path": "detect_secrets.filters.common.is_ignored_due_to_verification_policies"
    }
  ],
  "results": {},
  "generated_at": "2026-07-28T00:00:00Z"
}
